// Jest Snapshot v1, https://goo.gl/fbAQLP

exports[`UserStatistics, with Snapshot Testing App shows table header "User statistics: labor effectiveness" 1`] = `
<div
  style={
    Object {
      "border": "1px solid #DDD",
      "margin": 20,
      "padding": 20,
    }
  }
>
  <div
    className="jsx-1928146253 blue"
  >
    <a
      className="jsx-1928146253 btn btn1"
      href="/"
      onClick={[Function]}
    >
      Home
    </a>
    <a
      className="jsx-1928146253 btn btn2"
      href="/userstats"
      onClick={[Function]}
    >
      Users statistics
    </a>
    <a
      className="jsx-1928146253 btn btn3"
      href="/projectstats"
      onClick={[Function]}
    >
      Projects statistics
    </a>
    <a
      className="jsx-1928146253 btn btn4"
      href="/plans"
      onClick={[Function]}
    >
      Planned time
    </a>
    <a
      className="jsx-1928146253 btn btn5"
      href="/trends"
      onClick={[Function]}
    >
      Trends
    </a>
  </div>
  <h2>
    User statistics: labor effectiveness
  </h2>
  <p>
    <b>
      Resource Utilization
    </b>
     = time spent on useful tasks / total amount of time available to work
  </p>
  <p>
    <b>
      Billable Utilization
    </b>
     = time spent on billable tasks / total amount of time available to work
  </p>
  <h3
    className="errorMsg"
  >
    No errors, it is just a mock
  </h3>
  <div>
    Loading Chart
  </div>
  <div>
    Loading Chart
  </div>
  <div>
    Loading Chart
  </div>
  <div>
    Loading Chart
  </div>
</div>
`;
